Script started on 2026-09-24 10:40:05+00:00 [COMMAND="sudo mn --topo linear,5" TERM="xterm-256color" TTY="/dev/pts/0" COLUMNS="204" LINES="39"]
[sudo: authenticate] Password:
*** No default OpenFlow controller found for default switch!
*** Falling back to OVS Bridge
*** Creating network
*** Adding controller
*** Adding hosts:
h1 h2 h3 h4 h5 
*** Adding switches:
s1 s2 s3 s4 s5 
*** Adding links:
(h1, s1) (h2, s2) (h3, s3) (h4, s4) (h5, s5) (s2, s1) (s3, s2) (s4, s3) (s5, s4) 
*** Configuring hosts
h1 h2 h3 h4 h5 
*** Starting controller

*** Starting 5 switches
s1 s2 s3 s4 s5 ...
*** Starting CLI:
mininet> nodes
available nodes are: 
h1 h2 h3 h4 h5 s1 s2 s3 s4 s5
mininet> links
h1-eth0<->s1-eth1 (OK OK) 
h2-eth0<->s2-eth1 (OK OK) 
h3-eth0<->s3-eth1 (OK OK) 
h4-eth0<->s4-eth1 (OK OK) 
h5-eth0<->s5-eth1 (OK OK) 
s2-eth2<->s1-eth2 (OK OK) 
s3-eth2<->s2-eth3 (OK OK) 
s4-eth2<->s3-eth3 (OK OK) 
s5-eth2<->s4-eth3 (OK OK) 
mininet> net
h1 h1-eth0:s1-eth1
h2 h2-eth0:s2-eth1
h3 h3-eth0:s3-eth1
h4 h4-eth0:s4-eth1
h5 h5-eth0:s5-eth1
s1 lo:  s1-eth1:h1-eth0 s1-eth2:s2-eth2
s2 lo:  s2-eth1:h2-eth0 s2-eth2:s1-eth2 s2-eth3:s3-eth2
s3 lo:  s3-eth1:h3-eth0 s3-eth2:s2-eth3 s3-eth3:s4-eth2
s4 lo:  s4-eth1:h4-eth0 s4-eth2:s3-eth3 s4-eth3:s5-eth2
s5 lo:  s5-eth1:h5-eth0 s5-eth2:s4-eth3
mininet> [H[2Jmininet> dump
<Host h1: h1-eth0:10.0.0.1 pid=14654> 
<Host h2: h2-eth0:10.0.0.2 pid=14656> 
<Host h3: h3-eth0:10.0.0.3 pid=14658> 
<Host h4: h4-eth0:10.0.0.4 pid=14660> 
<Host h5: h5-eth0:10.0.0.5 pid=14662> 
<OVSBridge s1: lo:127.0.0.1,s1-eth1:None,s1-eth2:None pid=14667> 
<OVSBridge s2: lo:127.0.0.1,s2-eth1:None,s2-eth2:None,s2-eth3:None pid=14670> 
<OVSBridge s3: lo:127.0.0.1,s3-eth1:None,s3-eth2:None,s3-eth3:None pid=14673> 
<OVSBridge s4: lo:127.0.0.1,s4-eth1:None,s4-eth2:None,s4-eth3:None pid=14676> 
<OVSBridge s5: lo:127.0.0.1,s5-eth1:None,s5-eth2:None pid=14679> 
mininet> pingall
*** Ping: testing ping reachability
h1 -> h2 h3 h4 h5 
h2 -> h1 h3 h4 h5 
h3 -> h1 h2 h4 h5 
h4 -> h1 h2 h3 h5 
h5 -> h1 h2 h3 h4 
*** Results: 0% dropped (20/20 received)
mininet> h1 ping -c 4 h5
PING 10.0.0.5 (10.0.0.5) 56(84) bytes of data.
64 bytes from 10.0.0.5: icmp_seq=1 ttl=64 time=0.305 ms
64 bytes from 10.0.0.5: icmp_seq=2 ttl=64 time=0.053 ms
64 bytes from 10.0.0.5: icmp_seq=3 ttl=64 time=0.052 ms
64 bytes from 10.0.0.5: icmp_seq=4 ttl=64 time=0.050 ms

--- 10.0.0.5 ping statistics ---
4 packets transmitted, 4 received, 0% packet loss, time 3054ms
rtt min/avg/max/mdev = 0.050/0.115/0.305/0.109 ms
mininet> [H[2Jmininet> link s3 s4 down
mininet> pingall
*** Ping: testing ping reachability
h1 -> h2 h3 X X 
h2 -> h1 h3 X X 
h3 -> h1 h2 X X 
h4 -> X X X h5 
h5 -> X X X h4 
*** Results: 60% dropped (8/20 received)
mininet> link s3 s4 up
mininet> links
h1-eth0<->s1-eth1 (OK OK) 
h2-eth0<->s2-eth1 (OK OK) 
h3-eth0<->s3-eth1 (OK OK) 
h4-eth0<->s4-eth1 (OK OK) 
h5-eth0<->s5-eth1 (OK OK) 
s2-eth2<->s1-eth2 (OK OK) 
s3-eth2<->s2-eth3 (OK OK) 
s4-eth2<->s3-eth3 (OK OK) 
s5-eth2<->s4-eth3 (OK OK) 
mininet> pingall
*** Ping: testing ping reachability
h1 -> h2 h3 h4 h5 
h2 -> h1 h3 h4 h5 
h3 -> h1 h2 h4 h5 
h4 -> h1 h2 h3 h5 
h5 -> h1 h2 h3 h4 
*** Results: 0% dropped (20/20 received)
mininet> 